[possible-autonomy-509264.framer.app/index.html]
[backblue.gif]
[fade.gif]
[index.html]
[framerusercontent.com/images/vcCe3kB5fBd0GbZ1ADjOMrGJCrs.png]
[framerusercontent.com/images/P3sGyHPnwS7zMqpdSUGimks9GRkcea7.png]
[framerusercontent.com/images/Yc7OeRx2nswjC4siLHarqqTdkFs97ee.png]
[framerusercontent.com/images/vcCe3kB5fBd0GbZ1ADjOMrGJCrs94b6.png]
[possible-autonomy-509264.framer.app/menu.html]
[possible-autonomy-509264.framer.app/about.html]
[framerusercontent.com/images/RNtSWD3ZwI7I0HyAgwQvTFGOZke1ee.png]
[framerusercontent.com/images/DdMQeXvcpGvrbvFJRpy8HqS57fE9932.png]
[framerusercontent.com/images/JeMMI3H7nmC95SXrDg2Oo1j0Vw1e51.png]
[framerusercontent.com/images/Dw2E2fAkGnc2gBN31Vtoo13d90E5d35.png]
[framerusercontent.com/images/yf57ms6JltxBqZGltD49X9YLZccc2a.png]
[framerusercontent.com/images/RemdyghcaiNsmS120pNKNoQDjc5d35.png]
[framerusercontent.com/images/NM2xNvO9ST3RBSVUt3VCNqPJ3Y3211.jpg]
[framerusercontent.com/images/sCXN6AsI9RZnzoEUXNKgA9f4nvkbcf6.jpg]
[possible-autonomy-509264.framer.app/index.html]
[framerusercontent.com/images/VWoB4vPKP9LKw8weBG8P2sFH424c687.jpg]
[framerusercontent.com/images/u8ljKC6SGztsKfTfpoPZTvM4hk0088.png]
[framerusercontent.com/images/llDhix4nHiejvQM3iHwbQmCzRHI0088.png]
[framerusercontent.com/images/gD7PBoFZiCWkaW7EMPFCTQn15U0088.png]
[framerusercontent.com/images/ScDKttVet2DJUpuxzHdVQ2ufAFo0088.png]
[framerusercontent.com/images/V1QQOVUJQQ9Wb3i6lDj8UFsc0088.png]
[framerusercontent.com/images/PQQo472u99WNRQmhHDbo0UNq15A0088.png]
[framerusercontent.com/images/cr49lnQ3GRFACIjoaRI0wvWwlk0088.png]
[framerusercontent.com/images/BBkgT2hWLc7GvgeN6azrv5k86RI0088.png]
[framerusercontent.com/images/ITl1Rn4shmPJB9sThsaGZGcTvq80088.png]
[framerusercontent.com/images/S86qcP1VM2ZrpCaeplI3tlgilE0088.png]
[framerusercontent.com/images/31UoRKVGoU5vlYDgara8fpnUdos0088.png]
[framerusercontent.com/images/NcA7mQScCIL3pfgGXFoL5LAjU0088.png]
[framerusercontent.com/images/TthXS7oK2mmgcqqI60jpAgiQZE0088.png]
[framerusercontent.com/images/OHSiswiXaKh6YorIFh9RiyM1A0088.png]
[framerusercontent.com/images/FChdOXlnJuR85c2csSH5kkwxoU0088.png]
[framerusercontent.com/images/pRaDVF8S3kGnuKGBnbXraJvUVk0088.png]
[framerusercontent.com/images/GDHVHLZ7KVBQlkxoN63F8Tww0088.png]
[framerusercontent.com/images/A31qDJ6jjigT1NcNiKhjXEFNOK80088.png]
[framerusercontent.com/images/HvJS9HRNYSJwaZ2iOfjHVISJYEw0088.png]
[framerusercontent.com/images/71Z65QqqmpzS3wQ1i0L25XjOx80088.png]
[framerusercontent.com/images/3lYnB7FB7VCer8rltwEzjpdGp2E0088.png]
[framerusercontent.com/images/o2BygnIvz8eqUmhCzWZodvo80088.png]
[possible-autonomy-509264.framer.app/menu.html]
[framerusercontent.com/images/YhSFHyU0X6B3nEAll4g600KuWY60c5.png]
[framerusercontent.com/images/f7T4NW2syMaugX49uBppUuC3Nrs2222.png]
[framerusercontent.com/images/TrkNlHDVeCtRgbcTUkUUvOVx6oQcebb.png]
[framerusercontent.com/images/S9FmO62mSjqQDmamOQbbCz0tEo0247.png]
[possible-autonomy-509264.framer.app/about.html]
